[2025-06-26 11:06:50] TestError | Input: test input | Message: Something went wrong.
[2025-06-26 11:07:31] TestError | Input: test input | Message: Something went wrong.
[2025-06-26 11:08:48] TestError | Input: test input | Message: Something went wrong.
